Successfully imported extract_main_text
Testing extraction for https://example.com...

--- METADATA ---
{'method': 'direct', 'url': 'https://example.com', 'status_code': 200, 'bytes_in': 513, 'fallback_reason': None, 'fallback_error': 'no_token_provided', 'final_char_count': 0, 'confidence': 'low'}

--- TEXT PREVIEW ---


FAILURE: Extraction failed or returned empty text.
